// Jest Snapshot v1, https://goo.gl/fbAQLP

exports[`running command handler with valid options generates expected log messages 1`] = `
Object {
  "custom": Array [
    Array [
      "➕",
      "Adding repo to installation Some bot (https://github.com/organizations/some-github-organization/settings/installations/123456)",
    ],
    Array [
      "
➡️",
      "Go to https://github.com/some-github-organization/test-repo/settings/installations to see the installed GitHub apps for this repo.",
    ],
  ],
  "error": Array [],
  "info": Array [
    Array [
      "Config: Read from URL: https://raw.githubusercontent.com/github-organization/github-apps-config/HEAD/valid.json
",
    ],
    Array [
      "The options you have specified have been parsed as:",
    ],
    Array [
      "- GitHub organisation: some-github-organization",
    ],
    Array [
      "- GitHub repo: test-repo
",
    ],
  ],
  "message": Array [],
  "success": Array [
    Array [
      "Authenticated as GitHub user testuser",
    ],
    Array [
      "GitHub repo some-github-organization/test-repo exists
",
    ],
  ],
  "warning": Array [],
}
`;
